[2026-05-16T11:12:53.145Z] Auth: undefined | Body: {}
[2026-05-16T11:14:14.566Z] Auth: Apikey MediCare_1234 | Body: {"id":0,"gateway":"SePay","transactionDate":"2026-05-16 18:14:13","accountNumber":"0000000000","subAccount":null,"transferType":"in","transferAmount":10000,"accumulated":10000,"code":"SEPAYTEST","content":"SEPAY TEST WEBHOOK","referenceCode":"TEST1778930053","description":"SePay test webhook delivery"}
[2026-05-16T11:14:40.629Z] Auth: Apikey MediCare_1234 | Body: {"gateway":"MBBank","transactionDate":"2026-05-16 18:14:00","accountNumber":"0973566159","subAccount":null,"code":null,"content":"129474791822-MediCare HD 4BA786-CHUYEN TIEN-OQCH000BkDOq-MOMO129474791822MOMO","transferType":"in","description":"BankAPINotify 129474791822-MediCare HD 4BA786-CHUYEN TIEN-OQCH000BkDOq-MOMO129474791822MOMO","transferAmount":150000,"referenceCode":"FT26136509330865","accumulated":0,"id":58674434}
[2026-05-16T11:16:29.601Z] Auth: Apikey MediCare_1234 | Body: {"gateway":"MBBank","transactionDate":"2026-05-16 18:16:00","accountNumber":"0973566159","subAccount":null,"code":null,"content":"129474846247-MediCare HD 4BA786-CHUYEN TIEN-OQCH000BkDyE-MOMO129474846247MOMO","transferType":"in","description":"BankAPINotify 129474846247-MediCare HD 4BA786-CHUYEN TIEN-OQCH000BkDyE-MOMO129474846247MOMO","transferAmount":150000,"referenceCode":"FT26136460731056","accumulated":0,"id":58674945}
[2026-05-16T11:18:11.089Z] Auth: Apikey MediCare_1234 | Body: {"gateway":"MBBank","transactionDate":"2026-05-16 18:10:00","accountNumber":"0973566159","subAccount":null,"code":null,"content":"129473908334-MediCare HD 4BA786-CHUYEN TIEN-OQCH000BkBza-MOMO129473908334MOMO","transferType":"in","description":"BankAPINotify 129473908334-MediCare HD 4BA786-CHUYEN TIEN-OQCH000BkBza-MOMO129473908334MOMO","transferAmount":150000,"referenceCode":"FT26136060029640","accumulated":0,"id":58673196}
[2026-05-16T11:23:12.840Z] Auth: Apikey MediCare_1234 | Body: {"gateway":"MBBank","transactionDate":"2026-05-16 18:23:00","accountNumber":"0973566159","subAccount":null,"code":null,"content":"129476058505-MediCare HD EA081D-CHUYEN TIEN-OQCH000BkG7O-MOMO129476058505MOMO","transferType":"in","description":"BankAPINotify 129476058505-MediCare HD EA081D-CHUYEN TIEN-OQCH000BkG7O-MOMO129476058505MOMO","transferAmount":150000,"referenceCode":"FT26136202297028","accumulated":0,"id":58676907}
[2026-05-16T11:56:11.430Z] Auth: Apikey MediCare_1234 | Body: {"gateway":"MBBank","transactionDate":"2026-05-16 18:56:00","accountNumber":"0973566159","subAccount":null,"code":null,"content":"129480767382-MediCare HD 64BA33-CHUYEN TIEN-OQCH000BkPtE-MOMO129480767382MOMO","transferType":"in","description":"BankAPINotify 129480767382-MediCare HD 64BA33-CHUYEN TIEN-OQCH000BkPtE-MOMO129480767382MOMO","transferAmount":150000,"referenceCode":"FT26136437173992","accumulated":0,"id":58686220}
[2026-05-18T17:06:56.090Z] Auth: undefined | Body: {"gateway":"MBBank","transactionDate":"2026-05-19 00:0:00","amount":150000,"transferAmount":150000,"content":"MediCare HD D80091"}
[2026-05-18T17:07:35.463Z] Auth: undefined | Body: {"gateway":"MBBank","transactionDate":"2026-05-19 00:0:00","amount":150000,"transferAmount":150000,"content":"MediCare HD D80091"}
[2026-05-18T17:07:37.368Z] Auth: undefined | Body: {"gateway":"MBBank","transactionDate":"2026-05-19 00:0:00","amount":150000,"transferAmount":150000,"content":"MediCare HD D80091"}
[2026-05-18T17:07:38.719Z] Auth: undefined | Body: {"gateway":"MBBank","transactionDate":"2026-05-19 00:0:00","amount":150000,"transferAmount":150000,"content":"MediCare HD D80091"}
[2026-05-18T17:07:39.301Z] Auth: undefined | Body: {"gateway":"MBBank","transactionDate":"2026-05-19 00:0:00","amount":150000,"transferAmount":150000,"content":"MediCare HD D80091"}
[2026-05-18T17:07:41.269Z] Auth: undefined | Body: {"gateway":"MBBank","transactionDate":"2026-05-19 00:0:00","amount":150000,"transferAmount":150000,"content":"MediCare HD D80091"}
[2026-05-18T17:07:53.389Z] Auth: undefined | Body: {"gateway":"MBBank","transactionDate":"2026-05-19 00:0:00","amount":150000,"transferAmount":150000,"content":"MediCare HD D80091"}
[2026-05-18T17:07:54.460Z] Auth: undefined | Body: {"gateway":"MBBank","transactionDate":"2026-05-19 00:0:00","amount":150000,"transferAmount":150000,"content":"MediCare HD D80091"}
[2026-05-18T17:07:56.283Z] Auth: undefined | Body: {"gateway":"MBBank","transactionDate":"2026-05-19 00:0:00","amount":150000,"transferAmount":150000,"content":"MediCare HD D80091"}
[2026-05-18T17:08:03.606Z] Auth: undefined | Body: {"gateway":"MBBank","transactionDate":"2026-05-19 00:0:00","amount":150000,"transferAmount":150000,"content":"MediCare HD D80091"}
[2026-05-18T17:08:04.314Z] Auth: undefined | Body: {"gateway":"MBBank","transactionDate":"2026-05-19 00:0:00","amount":150000,"transferAmount":150000,"content":"MediCare HD D80091"}
[2026-05-18T17:08:04.822Z] Auth: undefined | Body: {"gateway":"MBBank","transactionDate":"2026-05-19 00:0:00","amount":150000,"transferAmount":150000,"content":"MediCare HD D80091"}
[2026-05-18T17:08:05.330Z] Auth: undefined | Body: {"gateway":"MBBank","transactionDate":"2026-05-19 00:0:00","amount":150000,"transferAmount":150000,"content":"MediCare HD D80091"}
[2026-05-18T17:08:05.813Z] Auth: undefined | Body: {"gateway":"MBBank","transactionDate":"2026-05-19 00:0:00","amount":150000,"transferAmount":150000,"content":"MediCare HD D80091"}
[2026-05-18T17:08:56.831Z] Auth: Apikey MediCare_1234 | Body: {"gateway":"MBBank","transactionDate":"2026-05-19 00:08:00","accountNumber":"0973566159","subAccount":null,"code":null,"content":"129773420671-MediCare HD D80091-CHUYEN TIEN-OQCH000Bt5Lb-MOMO129773420671MOMO","transferType":"in","description":"BankAPINotify 129773420671-MediCare HD D80091-CHUYEN TIEN-OQCH000Bt5Lb-MOMO129773420671MOMO","transferAmount":150000,"referenceCode":"FT26139306112176","accumulated":0,"id":59352121}
